../../Middlewares/stm32-vision-models-postprocessing/lib_vision_models_pp/Src/mpe_pp_yolov8.c:19:9:mpe_yolov8_nms_comparator	8	static
../../Middlewares/stm32-vision-models-postprocessing/lib_vision_models_pp/Src/mpe_pp_yolov8.c:53:9:mpe_yolov8_nms_comparator_is8	8	static
../../Middlewares/stm32-vision-models-postprocessing/lib_vision_models_pp/Src/mpe_pp_yolov8.c:88:9:mpe_yolo_pp_nmsFiltering_centroid	48	static
../../Middlewares/stm32-vision-models-postprocessing/lib_vision_models_pp/Src/mpe_pp_yolov8.c:150:9:mpe_yolo_pp_nmsFiltering_centroid_is8	48	static
../../Middlewares/stm32-vision-models-postprocessing/lib_vision_models_pp/Src/mpe_pp_yolov8.c:213:9:mpe_yolo_pp_scoreFiltering_centroid	48	static
../../Middlewares/stm32-vision-models-postprocessing/lib_vision_models_pp/Src/mpe_pp_yolov8.c:242:9:mpe_yolo_pp_scoreFiltering_centroid_is8	56	static
../../Middlewares/stm32-vision-models-postprocessing/lib_vision_models_pp/Src/mpe_pp_yolov8.c:275:9:mpe_yolo_pp_getNNBoxes_centroid	128	static
../../Middlewares/stm32-vision-models-postprocessing/lib_vision_models_pp/Src/mpe_pp_yolov8.c:324:9:mpe_yolo_pp_getNNBoxes_centroid_int8	144	static
../../Middlewares/stm32-vision-models-postprocessing/lib_vision_models_pp/Src/mpe_pp_yolov8.c:375:9:mpe_yolo_pp_getNNBoxes_centroid_is8os8	144	static
../../Middlewares/stm32-vision-models-postprocessing/lib_vision_models_pp/Src/mpe_pp_yolov8.c:466:9:mpe_yolov8_pp_reset	0	static
../../Middlewares/stm32-vision-models-postprocessing/lib_vision_models_pp/Src/mpe_pp_yolov8.c:475:9:mpe_yolov8_pp_process	16	static
../../Middlewares/stm32-vision-models-postprocessing/lib_vision_models_pp/Src/mpe_pp_yolov8.c:499:9:mpe_yolov8_pp_process_int8	16	static
