../../Middlewares/stm32-vision-models-postprocessing/lib_vision_models_pp/Src/od_pp_yolov8.c:28:9:yolov8_nms_comparator	8	static
../../Middlewares/stm32-vision-models-postprocessing/lib_vision_models_pp/Src/od_pp_yolov8.c:62:9:yolov8_nms_comparator_is8	8	static
../../Middlewares/stm32-vision-models-postprocessing/lib_vision_models_pp/Src/od_pp_yolov8.c:97:9:yolov8_pp_nmsFiltering_centroid	48	static
../../Middlewares/stm32-vision-models-postprocessing/lib_vision_models_pp/Src/od_pp_yolov8.c:158:9:yolov8_pp_nmsFiltering_centroid_is8	48	static
../../Middlewares/stm32-vision-models-postprocessing/lib_vision_models_pp/Src/od_pp_yolov8.c:219:9:yolov8_pp_scoreFiltering_centroid	20	static
../../Middlewares/stm32-vision-models-postprocessing/lib_vision_models_pp/Src/od_pp_yolov8.c:242:9:yolov8_pp_scoreFiltering_centroid_is8	20	static
../../Middlewares/stm32-vision-models-postprocessing/lib_vision_models_pp/Src/od_pp_yolov8.c:269:9:yolov8_pp_getNNBoxes_centroid	104	static
../../Middlewares/stm32-vision-models-postprocessing/lib_vision_models_pp/Src/od_pp_yolov8.c:313:9:yolov8_pp_getNNBoxes_centroid_int8	128	static
../../Middlewares/stm32-vision-models-postprocessing/lib_vision_models_pp/Src/od_pp_yolov8.c:396:9:yolov8_pp_getNNBoxes_centroid_is8os8	104	static
../../Middlewares/stm32-vision-models-postprocessing/lib_vision_models_pp/Src/od_pp_yolov8.c:442:9:od_yolov8_pp_reset	0	static
../../Middlewares/stm32-vision-models-postprocessing/lib_vision_models_pp/Src/od_pp_yolov8.c:451:9:od_yolov8_pp_process	16	static
../../Middlewares/stm32-vision-models-postprocessing/lib_vision_models_pp/Src/od_pp_yolov8.c:476:9:od_yolov8_pp_process_int8	16	static
