../X-CUBE-AI/App/aiTestUtility.c:387:13:_put_c_buffer_cb	0	static
../X-CUBE-AI/App/aiTestUtility.c:358:13:_put_c_driver	16	static
../X-CUBE-AI/App/aiTestUtility.c:143:6:ioRawGetUint8	8	static
../X-CUBE-AI/App/aiTestUtility.c:200:6:ioRawWriteBuffer	8	static
../X-CUBE-AI/App/aiTestUtility.c:205:6:ioRawReadBuffer	8	static
../X-CUBE-AI/App/aiTestUtility.c:210:6:ioRawDisableLLWrite	0	static
../X-CUBE-AI/App/aiTestUtility.c:321:7:uint64ToDecimal	8	static
../X-CUBE-AI/App/aiTestUtility.c:334:6:uint32_to_str	16	static
../X-CUBE-AI/App/aiTestUtility.c:373:6:lc_print	16	static
../X-CUBE-AI/App/aiTestUtility.c:397:8:lc_vsnprint	24	static
../X-CUBE-AI/App/aiTestUtility.c:421:7:__wrap_malloc	16	static
../X-CUBE-AI/App/aiTestUtility.c:461:6:__wrap_free	8	static
../X-CUBE-AI/App/aiTestUtility.c:516:6:stackMonInit	16	static
../X-CUBE-AI/App/aiTestUtility.c:562:5:dwtCyclesToTime	48	static
../X-CUBE-AI/App/aiTestUtility.c:579:7:dwtCyclesToFloatMs	24	static
../X-CUBE-AI/App/aiTestUtility.c:758:10:getFlashCacheConf	0	static
../X-CUBE-AI/App/aiTestUtility.c:702:6:getSysConf.part.0	8	static
../X-CUBE-AI/App/aiTestUtility.c:702:6:getSysConf	0	static
../X-CUBE-AI/App/aiTestUtility.c:869:6:systemSettingLog	40	static
