../X-CUBE-AI/App/app_x-cube-ai.c:154:26:ai_mnetwork_handle	0	static
../X-CUBE-AI/App/app_x-cube-ai.c:144:9:ai_mnetwork_is_valid	16	static
../X-CUBE-AI/App/app_x-cube-ai.c:78:6:MX_X_CUBE_AI_Init	8	static
../X-CUBE-AI/App/app_x-cube-ai.c:90:6:MX_X_CUBE_AI_Process	0	static
../X-CUBE-AI/App/app_x-cube-ai.c:177:13:ai_mnetwork_find	16	static
../X-CUBE-AI/App/app_x-cube-ai.c:194:10:ai_mnetwork_create	24	static
../X-CUBE-AI/App/app_x-cube-ai.c:236:11:ai_mnetwork_destroy	16	static
../X-CUBE-AI/App/app_x-cube-ai.c:251:9:ai_mnetwork_get_report	8	static
../X-CUBE-AI/App/app_x-cube-ai.c:262:10:ai_mnetwork_get_error	8	static
../X-CUBE-AI/App/app_x-cube-ai.c:277:9:ai_mnetwork_init	72	static
../X-CUBE-AI/App/app_x-cube-ai.c:294:8:ai_mnetwork_run	16	static
../X-CUBE-AI/App/app_x-cube-ai.c:306:8:ai_mnetwork_forward	8	static
../X-CUBE-AI/App/app_x-cube-ai.c:317:6:ai_mnetwork_get_private_handle	16	static
