/mnt/core/MLonMCU_proj/firmware/BallDetector_N6/Application/NUCLEO-N657X0-Q/Src/app_camerapipeline.c:118:6:CameraPipeline_Init	88	static
/mnt/core/MLonMCU_proj/firmware/BallDetector_N6/Application/NUCLEO-N657X0-Q/Src/app_camerapipeline.c:134:6:CameraPipeline_DeInit	8	static
/mnt/core/MLonMCU_proj/firmware/BallDetector_N6/Application/NUCLEO-N657X0-Q/Src/app_camerapipeline.c:141:6:CameraPipeline_DisplayPipe_Start	8	static
/mnt/core/MLonMCU_proj/firmware/BallDetector_N6/Application/NUCLEO-N657X0-Q/Src/app_camerapipeline.c:148:6:CameraPipeline_NNPipe_Start	8	static
/mnt/core/MLonMCU_proj/firmware/BallDetector_N6/Application/NUCLEO-N657X0-Q/Src/app_camerapipeline.c:156:6:CameraPipeline_DisplayPipe_Stop	8	static
/mnt/core/MLonMCU_proj/firmware/BallDetector_N6/Application/NUCLEO-N657X0-Q/Src/app_camerapipeline.c:163:6:CameraPipeline_IspUpdate	8	static
/mnt/core/MLonMCU_proj/firmware/BallDetector_N6/Application/NUCLEO-N657X0-Q/Src/app_camerapipeline.c:175:5:CMW_CAMERA_PIPE_FrameEventCallback	8	static
/mnt/core/MLonMCU_proj/firmware/BallDetector_N6/Application/NUCLEO-N657X0-Q/Src/app_camerapipeline.c:191:6:CMW_CAMERA_PIPE_ErrorCallback	0	static
