../../../../STM32Cube_FW_N6/Drivers/STM32N6xx_HAL_Driver/Inc/stm32n6xx_ll_bus.h:679:22:LL_MEM_EnableClock	8	static
../../../../STM32Cube_FW_N6/Drivers/STM32N6xx_HAL_Driver/Inc/stm32n6xx_ll_bus.h:785:22:LL_MEM_EnableClockLowPower	8	static
../../../../STM32Cube_FW_N6/Drivers/STM32N6xx_HAL_Driver/Inc/stm32n6xx_ll_bus.h:2065:22:LL_AHB5_GRP1_EnableClockLowPower	8	static
/mnt/core/MLonMCU_proj/firmware/BallDetector_N6/Application/NUCLEO-N657X0-Q/Src/main.c:598:13:SystemClock_Config	632	static
/mnt/core/MLonMCU_proj/firmware/BallDetector_N6/Application/NUCLEO-N657X0-Q/Src/main.c:174:5:main	280	static,ignoring_inline_asm
/mnt/core/MLonMCU_proj/firmware/BallDetector_N6/Application/NUCLEO-N657X0-Q/Src/main.c:432:6:IAC_IRQHandler	0	static
/mnt/core/MLonMCU_proj/firmware/BallDetector_N6/Application/NUCLEO-N657X0-Q/Src/main.c:571:19:MX_DCMIPP_ClockConfig	408	static
/mnt/core/MLonMCU_proj/firmware/BallDetector_N6/Application/NUCLEO-N657X0-Q/Src/main.c:732:5:_write	8	static
/mnt/core/MLonMCU_proj/firmware/BallDetector_N6/Application/NUCLEO-N657X0-Q/Src/main.c:747:6:npu_cache_enable_clocks_and_reset	16	static
/mnt/core/MLonMCU_proj/firmware/BallDetector_N6/Application/NUCLEO-N657X0-Q/Src/main.c:755:6:npu_cache_disable_clocks_and_reset	0	static
/mnt/core/MLonMCU_proj/firmware/BallDetector_N6/Application/NUCLEO-N657X0-Q/Src/main.c:771:6:assert_failed	0	static,ignoring_inline_asm
