Src/app_camerapipeline.c:133:6:CameraPipeline_Init	88	static
Src/app_camerapipeline.c:154:6:CameraPipeline_DeInit	8	static
Src/app_camerapipeline.c:161:6:CameraPipeline_DisplayPipe_Start	8	static
Src/app_camerapipeline.c:168:6:CameraPipeline_NNPipe_Start	8	static
Src/app_camerapipeline.c:176:6:CameraPipeline_DisplayPipe_Stop	8	static
Src/app_camerapipeline.c:183:6:CameraPipeline_IspUpdate	8	static
Src/app_camerapipeline.c:195:5:CMW_CAMERA_PIPE_FrameEventCallback	8	static
Src/app_camerapipeline.c:213:6:CMW_CAMERA_PIPE_ErrorCallback	0	static
