../../STM32Cube_FW_N6/Drivers/STM32N6xx_HAL_Driver/Inc/stm32n6xx_ll_bus.h:679:22:LL_MEM_EnableClock	1
../../STM32Cube_FW_N6/Drivers/STM32N6xx_HAL_Driver/Inc/stm32n6xx_ll_bus.h:785:22:LL_MEM_EnableClockLowPower	1
../../STM32Cube_FW_N6/Drivers/STM32N6xx_HAL_Driver/Inc/stm32n6xx_ll_bus.h:2065:22:LL_AHB5_GRP1_EnableClockLowPower	1
Src/main.c:1263:13:SystemClock_Config	4
Src/main.c:300:13:process_commands	9
Src/main.c:1034:13:Display_Text90CW	9
Src/main.c:278:6:USART3_IRQHandler	11
Src/main.c:495:5:main	54
Src/main.c:1026:6:IAC_IRQHandler	1
Src/main.c:1236:19:MX_DCMIPP_ClockConfig	2
Src/main.c:1449:5:_write	2
Src/main.c:1464:6:npu_cache_enable_clocks_and_reset	1
Src/main.c:1472:6:npu_cache_disable_clocks_and_reset	1
Src/main.c:1488:6:assert_failed	1
