../../STM32Cube_FW_N6/Drivers/STM32N6xx_HAL_Driver/Inc/stm32n6xx_ll_bus.h:679:22:LL_MEM_EnableClock	8	static
../../STM32Cube_FW_N6/Drivers/STM32N6xx_HAL_Driver/Inc/stm32n6xx_ll_bus.h:785:22:LL_MEM_EnableClockLowPower	8	static
../../STM32Cube_FW_N6/Drivers/STM32N6xx_HAL_Driver/Inc/stm32n6xx_ll_bus.h:2065:22:LL_AHB5_GRP1_EnableClockLowPower	8	static
Src/main.c:1263:13:SystemClock_Config	632	static
Src/main.c:300:13:process_commands	56	static
Src/main.c:1034:13:Display_Text90CW	72	static
Src/main.c:278:6:USART3_IRQHandler	24	static
Src/main.c:495:5:main	336	static,ignoring_inline_asm
Src/main.c:1026:6:IAC_IRQHandler	0	static
Src/main.c:1236:19:MX_DCMIPP_ClockConfig	408	static
Src/main.c:1449:5:_write	8	static
Src/main.c:1464:6:npu_cache_enable_clocks_and_reset	16	static
Src/main.c:1472:6:npu_cache_disable_clocks_and_reset	0	static
Src/main.c:1488:6:assert_failed	0	static,ignoring_inline_asm
