../Drivers/BSP/Components/mx_wifi/mx_wifi.c:2798:35:mx_s_addr_in_to_packed	48	static
../Drivers/BSP/Components/mx_wifi/mx_wifi.c:2817:30:mx_s_addr_in_from_packed	12	static
../Drivers/BSP/Components/mx_wifi/mx_wifi.c:689:25:_mx_wifi_set_eap_cert.constprop	48	static
../Drivers/BSP/Components/mx_wifi/mx_wifi.c:78:18:MX_WIFI_RegisterBusIO	12	static
../Drivers/BSP/Components/mx_wifi/mx_wifi.c:105:18:MX_WIFI_HardResetModule	8	static
../Drivers/BSP/Components/mx_wifi/mx_wifi.c:129:18:MX_WIFI_SetTimeout	0	static
../Drivers/BSP/Components/mx_wifi/mx_wifi.c:174:18:MX_WIFI_Init	64	static
../Drivers/BSP/Components/mx_wifi/mx_wifi.c:279:18:MX_WIFI_DeInit	8	static
../Drivers/BSP/Components/mx_wifi/mx_wifi.c:322:18:MX_WIFI_IO_YIELD	8	static
../Drivers/BSP/Components/mx_wifi/mx_wifi.c:333:18:MX_WIFI_ResetModule	24	static
../Drivers/BSP/Components/mx_wifi/mx_wifi.c:351:18:MX_WIFI_ResetToFactoryDefault	24	static
../Drivers/BSP/Components/mx_wifi/mx_wifi.c:369:18:MX_WIFI_GetVersion	40	static
../Drivers/BSP/Components/mx_wifi/mx_wifi.c:394:18:MX_WIFI_GetMACAddress	0	static
../Drivers/BSP/Components/mx_wifi/mx_wifi.c:408:18:MX_WIFI_GetsoftapMACAddress	32	static
../Drivers/BSP/Components/mx_wifi/mx_wifi.c:432:18:MX_WIFI_Scan	72	static
../Drivers/BSP/Components/mx_wifi/mx_wifi.c:470:8:MX_WIFI_Get_scan_result	8	static
../Drivers/BSP/Components/mx_wifi/mx_wifi.c:484:18:MX_WIFI_RegisterStatusCallback	0	static
../Drivers/BSP/Components/mx_wifi/mx_wifi.c:501:18:MX_WIFI_UnRegisterStatusCallback	0	static
../Drivers/BSP/Components/mx_wifi/mx_wifi.c:516:18:MX_WIFI_RegisterStatusCallback_if	0	static
../Drivers/BSP/Components/mx_wifi/mx_wifi.c:536:18:MX_WIFI_UnRegisterStatusCallback_if	0	static
../Drivers/BSP/Components/mx_wifi/mx_wifi.c:553:18:MX_WIFI_Connect	288	static
../Drivers/BSP/Components/mx_wifi/mx_wifi.c:625:18:MX_WIFI_Connect_Adv	224	static
../Drivers/BSP/Components/mx_wifi/mx_wifi.c:731:18:MX_WIFI_EAP_Connect	256	static
../Drivers/BSP/Components/mx_wifi/mx_wifi.c:837:18:MX_WIFI_Disconnect	24	static
../Drivers/BSP/Components/mx_wifi/mx_wifi.c:859:18:MX_WIFI_WPS_Connect	24	static
../Drivers/BSP/Components/mx_wifi/mx_wifi.c:883:18:MX_WIFI_WPS_Stop	24	static
../Drivers/BSP/Components/mx_wifi/mx_wifi.c:906:8:MX_WIFI_IsConnected	144	static
../Drivers/BSP/Components/mx_wifi/mx_wifi.c:936:18:MX_WIFI_GetIPAddress	104	static
../Drivers/BSP/Components/mx_wifi/mx_wifi.c:982:18:MX_WIFI_GetIP6Address	56	static
../Drivers/BSP/Components/mx_wifi/mx_wifi.c:1014:9:MX_WIFI_GetIP6AddressState	24	static
../Drivers/BSP/Components/mx_wifi/mx_wifi.c:1046:18:MX_WIFI_StartAP	208	static
../Drivers/BSP/Components/mx_wifi/mx_wifi.c:1078:18:MX_WIFI_StopAP	24	static
../Drivers/BSP/Components/mx_wifi/mx_wifi.c:1104:9:MX_WIFI_Socket_create	40	static
../Drivers/BSP/Components/mx_wifi/mx_wifi.c:1132:9:MX_WIFI_Socket_setsockopt	80	static
../Drivers/BSP/Components/mx_wifi/mx_wifi.c:1169:9:MX_WIFI_Socket_getsockopt	80	static
../Drivers/BSP/Components/mx_wifi/mx_wifi.c:1205:9:MX_WIFI_Socket_bind	80	static
../Drivers/BSP/Components/mx_wifi/mx_wifi.c:1258:9:MX_WIFI_Socket_listen	32	static
../Drivers/BSP/Components/mx_wifi/mx_wifi.c:1294:9:MX_WIFI_Socket_accept	80	static
../Drivers/BSP/Components/mx_wifi/mx_wifi.c:1340:9:MX_WIFI_Socket_connect	80	static
../Drivers/BSP/Components/mx_wifi/mx_wifi.c:1395:9:MX_WIFI_Socket_shutdown	32	static
../Drivers/BSP/Components/mx_wifi/mx_wifi.c:1426:9:MX_WIFI_Socket_close	32	static
../Drivers/BSP/Components/mx_wifi/mx_wifi.c:1456:9:MX_WIFI_Socket_send	40	static
../Drivers/BSP/Components/mx_wifi/mx_wifi.c:1501:9:MX_WIFI_Socket_sendto	80	static
../Drivers/BSP/Components/mx_wifi/mx_wifi.c:1569:9:MX_WIFI_Socket_recv	48	static
../Drivers/BSP/Components/mx_wifi/mx_wifi.c:1621:9:MX_WIFI_Socket_recvfrom	80	static
../Drivers/BSP/Components/mx_wifi/mx_wifi.c:1691:9:MX_WIFI_Socket_gethostbyname	304	static
../Drivers/BSP/Components/mx_wifi/mx_wifi.c:1729:9:MX_WIFI_Socket_ping	344	static
../Drivers/BSP/Components/mx_wifi/mx_wifi.c:1769:9:MX_WIFI_Socket_ping6	344	static
../Drivers/BSP/Components/mx_wifi/mx_wifi.c:1809:9:MX_WIFI_Socket_getaddrinfo	1176	static
../Drivers/BSP/Components/mx_wifi/mx_wifi.c:1862:9:MX_WIFI_Socket_select	0	static
../Drivers/BSP/Components/mx_wifi/mx_wifi.c:1879:9:MX_WIFI_Socket_getpeername	80	static
../Drivers/BSP/Components/mx_wifi/mx_wifi.c:1913:9:MX_WIFI_Socket_getsockname	80	static
../Drivers/BSP/Components/mx_wifi/mx_wifi.c:1950:9:MX_WIFI_MDNS_start	160	static
../Drivers/BSP/Components/mx_wifi/mx_wifi.c:1982:9:MX_WIFI_MDNS_stop	24	static
../Drivers/BSP/Components/mx_wifi/mx_wifi.c:2008:9:MX_WIFI_MDNS_announce_service	520	static
../Drivers/BSP/Components/mx_wifi/mx_wifi.c:2042:9:MX_WIFI_MDNS_deannounce_service	520	static
../Drivers/BSP/Components/mx_wifi/mx_wifi.c:2076:9:MX_WIFI_MDNS_deannounce_service_all	24	static
../Drivers/BSP/Components/mx_wifi/mx_wifi.c:2107:9:MX_WIFI_MDNS_iface_state_change	24	static
../Drivers/BSP/Components/mx_wifi/mx_wifi.c:2140:9:MX_WIFI_MDNS_set_hostname	104	static
../Drivers/BSP/Components/mx_wifi/mx_wifi.c:2171:9:MX_WIFI_MDNS_set_txt_rec	776	static
../Drivers/BSP/Components/mx_wifi/mx_wifi.c:2208:9:MX_WIFI_TLS_set_ver	24	static
../Drivers/BSP/Components/mx_wifi/mx_wifi.c:2239:9:MX_WIFI_TLS_set_clientCertificate	40	static
../Drivers/BSP/Components/mx_wifi/mx_wifi.c:2281:9:MX_WIFI_TLS_set_clientPrivateKey	40	static
../Drivers/BSP/Components/mx_wifi/mx_wifi.c:2339:9:MX_WIFI_TLS_connect_sni	64	static
../Drivers/BSP/Components/mx_wifi/mx_wifi.c:2322:9:MX_WIFI_TLS_connect	4	static
../Drivers/BSP/Components/mx_wifi/mx_wifi.c:2394:9:MX_WIFI_TLS_send	40	static
../Drivers/BSP/Components/mx_wifi/mx_wifi.c:2437:9:MX_WIFI_TLS_recv	48	static
../Drivers/BSP/Components/mx_wifi/mx_wifi.c:2491:9:MX_WIFI_TLS_close	32	static
../Drivers/BSP/Components/mx_wifi/mx_wifi.c:2523:9:MX_WIFI_TLS_set_nonblock	32	static
../Drivers/BSP/Components/mx_wifi/mx_wifi.c:2556:9:MX_WIFI_Webserver_start	24	static
../Drivers/BSP/Components/mx_wifi/mx_wifi.c:2581:9:MX_WIFI_Webserver_stop	24	static
../Drivers/BSP/Components/mx_wifi/mx_wifi.c:2606:9:MX_WIFI_FOTA_start	368	static
../Drivers/BSP/Components/mx_wifi/mx_wifi.c:2762:9:MX_WIFI_station_powersave	24	static
