../X-CUBE-AI/App/aiPbIO.c:90:13:write_callback	24	static
../X-CUBE-AI/App/aiPbIO.c:126:13:read_packet	8	static
../X-CUBE-AI/App/aiPbIO.c:144:13:read_callback	32	static
../X-CUBE-AI/App/aiPbIO.c:54:10:pb_io_get_packet_size	0	static
../X-CUBE-AI/App/aiPbIO.c:61:6:pb_io_set_packet_size	0	static
../X-CUBE-AI/App/aiPbIO.c:66:6:pb_io_reset_packet_size	0	static
../X-CUBE-AI/App/aiPbIO.c:81:6:pb_io_flush_ostream	8	static
../X-CUBE-AI/App/aiPbIO.c:138:6:pb_io_flush_istream	0	static
../X-CUBE-AI/App/aiPbIO.c:178:14:pb_io_ostream	0	static
../X-CUBE-AI/App/aiPbIO.c:188:14:pb_io_istream	0	static
../X-CUBE-AI/App/aiPbIO.c:198:5:pb_io_stream_init	8	static
