../Drivers/STM32U5xx_HAL_Driver/Src/stm32u5xx_hal_dcmi.c:1268:13:DCMI_DMAXferCplt	16	static
../Drivers/STM32U5xx_HAL_Driver/Src/stm32u5xx_hal_dcmi.c:324:13:HAL_DCMI_MspInit	0	static
../Drivers/STM32U5xx_HAL_Driver/Src/stm32u5xx_hal_dcmi.c:195:19:HAL_DCMI_Init	16	static
../Drivers/STM32U5xx_HAL_Driver/Src/stm32u5xx_hal_dcmi.c:340:13:HAL_DCMI_MspDeInit	0	static
../Drivers/STM32U5xx_HAL_Driver/Src/stm32u5xx_hal_dcmi.c:292:19:HAL_DCMI_DeInit	8	static
../Drivers/STM32U5xx_HAL_Driver/Src/stm32u5xx_hal_dcmi.c:379:19:HAL_DCMI_Start_DMA	24	static
../Drivers/STM32U5xx_HAL_Driver/Src/stm32u5xx_hal_dcmi.c:597:19:HAL_DCMI_Stop	16	static
../Drivers/STM32U5xx_HAL_Driver/Src/stm32u5xx_hal_dcmi.c:650:19:HAL_DCMI_Suspend	0	static
../Drivers/STM32U5xx_HAL_Driver/Src/stm32u5xx_hal_dcmi.c:696:19:HAL_DCMI_Resume	0	static
../Drivers/STM32U5xx_HAL_Driver/Src/stm32u5xx_hal_dcmi.c:828:13:HAL_DCMI_ErrorCallback	0	static
../Drivers/STM32U5xx_HAL_Driver/Src/stm32u5xx_hal_dcmi.c:1340:13:DCMI_DMAError	8	static
../Drivers/STM32U5xx_HAL_Driver/Src/stm32u5xx_hal_dcmi.c:844:13:HAL_DCMI_LineEventCallback	0	static
../Drivers/STM32U5xx_HAL_Driver/Src/stm32u5xx_hal_dcmi.c:859:13:HAL_DCMI_VsyncEventCallback	0	static
../Drivers/STM32U5xx_HAL_Driver/Src/stm32u5xx_hal_dcmi.c:875:13:HAL_DCMI_FrameEventCallback	0	static
../Drivers/STM32U5xx_HAL_Driver/Src/stm32u5xx_hal_dcmi.c:722:6:HAL_DCMI_IRQHandler	16	static
../Drivers/STM32U5xx_HAL_Driver/Src/stm32u5xx_hal_dcmi.c:915:19:HAL_DCMI_ConfigCrop	12	static
../Drivers/STM32U5xx_HAL_Driver/Src/stm32u5xx_hal_dcmi.c:949:19:HAL_DCMI_DisableCrop	0	static
../Drivers/STM32U5xx_HAL_Driver/Src/stm32u5xx_hal_dcmi.c:975:19:HAL_DCMI_EnableCrop	0	static
../Drivers/STM32U5xx_HAL_Driver/Src/stm32u5xx_hal_dcmi.c:1003:20:HAL_DCMI_ConfigSyncUnmask	0	static
../Drivers/STM32U5xx_HAL_Driver/Src/stm32u5xx_hal_dcmi.c:1052:23:HAL_DCMI_GetState	0	static
../Drivers/STM32U5xx_HAL_Driver/Src/stm32u5xx_hal_dcmi.c:1063:10:HAL_DCMI_GetError	0	static
