../Drivers/BSP/B-U585I-IOT02A/b_u585i_iot02a_camera.c:339:26:BSP_MX_DCMI_Init	8	static
../Drivers/BSP/B-U585I-IOT02A/b_u585i_iot02a_camera.c:438:9:BSP_CAMERA_Start	16	static
../Drivers/BSP/B-U585I-IOT02A/b_u585i_iot02a_camera.c:465:9:BSP_CAMERA_Stop	8	static
../Drivers/BSP/B-U585I-IOT02A/b_u585i_iot02a_camera.c:490:9:BSP_CAMERA_Suspend	8	static
../Drivers/BSP/B-U585I-IOT02A/b_u585i_iot02a_camera.c:515:9:BSP_CAMERA_Resume	8	static
../Drivers/BSP/B-U585I-IOT02A/b_u585i_iot02a_camera.c:544:9:BSP_CAMERA_GetCapabilities	8	static
../Drivers/BSP/B-U585I-IOT02A/b_u585i_iot02a_camera.c:571:9:BSP_CAMERA_SetPixelFormat	16	static
../Drivers/BSP/B-U585I-IOT02A/b_u585i_iot02a_camera.c:599:9:BSP_CAMERA_GetPixelFormat	0	static
../Drivers/BSP/B-U585I-IOT02A/b_u585i_iot02a_camera.c:624:9:BSP_CAMERA_SetResolution	16	static
../Drivers/BSP/B-U585I-IOT02A/b_u585i_iot02a_camera.c:656:9:BSP_CAMERA_GetResolution	0	static
../Drivers/BSP/B-U585I-IOT02A/b_u585i_iot02a_camera.c:684:9:BSP_CAMERA_SetLightMode	16	static
../Drivers/BSP/B-U585I-IOT02A/b_u585i_iot02a_camera.c:716:9:BSP_CAMERA_GetLightMode	0	static
../Drivers/BSP/B-U585I-IOT02A/b_u585i_iot02a_camera.c:744:9:BSP_CAMERA_SetColorEffect	16	static
../Drivers/BSP/B-U585I-IOT02A/b_u585i_iot02a_camera.c:776:9:BSP_CAMERA_GetColorEffect	0	static
../Drivers/BSP/B-U585I-IOT02A/b_u585i_iot02a_camera.c:804:9:BSP_CAMERA_SetBrightness	16	static
../Drivers/BSP/B-U585I-IOT02A/b_u585i_iot02a_camera.c:837:9:BSP_CAMERA_GetBrightness	0	static
../Drivers/BSP/B-U585I-IOT02A/b_u585i_iot02a_camera.c:865:9:BSP_CAMERA_SetSaturation	16	static
../Drivers/BSP/B-U585I-IOT02A/b_u585i_iot02a_camera.c:898:9:BSP_CAMERA_GetSaturation	0	static
../Drivers/BSP/B-U585I-IOT02A/b_u585i_iot02a_camera.c:926:9:BSP_CAMERA_SetContrast	16	static
../Drivers/BSP/B-U585I-IOT02A/b_u585i_iot02a_camera.c:958:9:BSP_CAMERA_GetContrast	0	static
../Drivers/BSP/B-U585I-IOT02A/b_u585i_iot02a_camera.c:986:9:BSP_CAMERA_SetHueDegree	16	static
../Drivers/BSP/B-U585I-IOT02A/b_u585i_iot02a_camera.c:1018:9:BSP_CAMERA_GetHueDegree	0	static
../Drivers/BSP/B-U585I-IOT02A/b_u585i_iot02a_camera.c:1047:9:BSP_CAMERA_SetMirrorFlip	16	static
../Drivers/BSP/B-U585I-IOT02A/b_u585i_iot02a_camera.c:1079:9:BSP_CAMERA_GetMirrorFlip	0	static
../Drivers/BSP/B-U585I-IOT02A/b_u585i_iot02a_camera.c:1107:9:BSP_CAMERA_SetZoom	16	static
../Drivers/BSP/B-U585I-IOT02A/b_u585i_iot02a_camera.c:1139:9:BSP_CAMERA_GetZoom	0	static
../Drivers/BSP/B-U585I-IOT02A/b_u585i_iot02a_camera.c:1166:9:BSP_CAMERA_EnableNightMode	8	static
../Drivers/BSP/B-U585I-IOT02A/b_u585i_iot02a_camera.c:1196:9:BSP_CAMERA_DisableNightMode	8	static
../Drivers/BSP/B-U585I-IOT02A/b_u585i_iot02a_camera.c:1226:9:BSP_CAMERA_HwReset	40	static
../Drivers/BSP/B-U585I-IOT02A/b_u585i_iot02a_camera.c:186:9:BSP_CAMERA_Init	208	static
../Drivers/BSP/B-U585I-IOT02A/b_u585i_iot02a_camera.c:1266:9:BSP_CAMERA_PwrDown	32	static
../Drivers/BSP/B-U585I-IOT02A/b_u585i_iot02a_camera.c:284:9:BSP_CAMERA_DeInit	8	static
../Drivers/BSP/B-U585I-IOT02A/b_u585i_iot02a_camera.c:1299:6:BSP_CAMERA_IRQ_HANDLER	0	static
../Drivers/BSP/B-U585I-IOT02A/b_u585i_iot02a_camera.c:1312:6:BSP_CAMERA_DMA_IRQ_HANDLER	0	static
../Drivers/BSP/B-U585I-IOT02A/b_u585i_iot02a_camera.c:1325:13:BSP_CAMERA_LineEventCallback	0	static
../Drivers/BSP/B-U585I-IOT02A/b_u585i_iot02a_camera.c:1340:13:BSP_CAMERA_FrameEventCallback	0	static
../Drivers/BSP/B-U585I-IOT02A/b_u585i_iot02a_camera.c:1355:13:BSP_CAMERA_VsyncEventCallback	0	static
../Drivers/BSP/B-U585I-IOT02A/b_u585i_iot02a_camera.c:1370:13:BSP_CAMERA_ErrorCallback	0	static
../Drivers/BSP/B-U585I-IOT02A/b_u585i_iot02a_camera.c:1386:6:HAL_DCMI_LineEventCallback	8	static
../Drivers/BSP/B-U585I-IOT02A/b_u585i_iot02a_camera.c:1399:6:HAL_DCMI_FrameEventCallback	8	static
../Drivers/BSP/B-U585I-IOT02A/b_u585i_iot02a_camera.c:1412:6:HAL_DCMI_VsyncEventCallback	8	static
../Drivers/BSP/B-U585I-IOT02A/b_u585i_iot02a_camera.c:1425:6:HAL_DCMI_ErrorCallback	8	static
